---
source: tests/snapshots.rs
expression: output
---
(
    functions: [
        (
            uniformity: (
                non_uniform_result: Some(4),
                require_uniform: None,
            ),
            may_kill: false,
            sampling_set: [],
            global_uses: [
                (
                    bits: 0,
                ),
                (
                    bits: 0,
                ),
            ],
            expressions: [
                (
                    uniformity: (
                        non_uniform_result: Some(1),
                        require_uniform: None,
                    ),
                    ref_count: 0,
                    assignable_global: Some(1),
                ),
                (
                    uniformity: (
                        non_uniform_result: Some(2),
                        require_uniform: None,
                    ),
                    ref_count: 0,
                    assignable_global: Some(2),
                ),
                (
                    uniformity: (
                        non_uniform_result: Some(3),
                        require_uniform: None,
                    ),
                    ref_count: 1,
                    assignable_global: None,
                ),
                (
                    uniformity: (
                        non_uniform_result: Some(4),
                        require_uniform: None,
                    ),
                    ref_count: 7,
                    assignable_global: None,
                ),
                (
                    uniformity: (
                        non_uniform_result: None,
                        require_uniform: None,
                    ),
                    ref_count: 0,
                    assignable_global: None,
                ),
                (
                    uniformity: (
                        non_uniform_result: Some(6),
                        require_uniform: None,
                    ),
                    ref_count: 3,
                    assignable_global: None,
                ),
                (
                    uniformity: (
                        non_uniform_result: Some(4),
                        require_uniform: None,
                    ),
                    ref_count: 1,
                    assignable_global: None,
                ),
                (
                    uniformity: (
                        non_uniform_result: None,
                        require_uniform: None,
                    ),
                    ref_count: 1,
                    assignable_global: None,
                ),
                (
                    uniformity: (
                        non_uniform_result: Some(4),
                        require_uniform: None,
                    ),
                    ref_count: 1,
                    assignable_global: None,
                ),
                (
                    uniformity: (
                        non_uniform_result: Some(4),
                        require_uniform: None,
                    ),
                    ref_count: 1,
                    assignable_global: None,
                ),
                (
                    uniformity: (
                        non_uniform_result: None,
                        require_uniform: None,
                    ),
                    ref_count: 1,
                    assignable_global: None,
                ),
                (
                    uniformity: (
                        non_uniform_result: Some(4),
                        require_uniform: None,
                    ),
                    ref_count: 1,
                    assignable_global: None,
                ),
                (
                    uniformity: (
                        non_uniform_result: None,
                        require_uniform: None,
                    ),
                    ref_count: 1,
                    assignable_global: None,
                ),
                (
                    uniformity: (
                        non_uniform_result: Some(4),
                        require_uniform: None,
                    ),
                    ref_count: 1,
                    assignable_global: None,
                ),
                (
                    uniformity: (
                        non_uniform_result: Some(4),
                        require_uniform: None,
                    ),
                    ref_count: 1,
                    assignable_global: None,
                ),
                (
                    uniformity: (
                        non_uniform_result: None,
                        require_uniform: None,
                    ),
                    ref_count: 1,
                    assignable_global: None,
                ),
                (
                    uniformity: (
                        non_uniform_result: Some(4),
                        require_uniform: None,
                    ),
                    ref_count: 1,
                    assignable_global: None,
                ),
                (
                    uniformity: (
                        non_uniform_result: None,
                        require_uniform: None,
                    ),
                    ref_count: 1,
                    assignable_global: None,
                ),
                (
                    uniformity: (
                        non_uniform_result: Some(4),
                        require_uniform: None,
                    ),
                    ref_count: 1,
                    assignable_global: None,
                ),
                (
                    uniformity: (
                        non_uniform_result: Some(4),
                        require_uniform: None,
                    ),
                    ref_count: 1,
                    assignable_global: None,
                ),
                (
                    uniformity: (
                        non_uniform_result: None,
                        require_uniform: None,
                    ),
                    ref_count: 1,
                    assignable_global: None,
                ),
                (
                    uniformity: (
                        non_uniform_result: Some(4),
                        require_uniform: None,
                    ),
                    ref_count: 1,
                    assignable_global: None,
                ),
                (
                    uniformity: (
                        non_uniform_result: Some(6),
                        require_uniform: None,
                    ),
                    ref_count: 1,
                    assignable_global: None,
                ),
                (
                    uniformity: (
                        non_uniform_result: None,
                        require_uniform: None,
                    ),
                    ref_count: 1,
                    assignable_global: None,
                ),
                (
                    uniformity: (
                        non_uniform_result: Some(6),
                        require_uniform: None,
                    ),
                    ref_count: 1,
                    assignable_global: None,
                ),
                (
                    uniformity: (
                        non_uniform_result: Some(6),
                        require_uniform: None,
                    ),
                    ref_count: 1,
                    assignable_global: None,
                ),
            ],
        ),
    ],
    entry_points: [
        (
            uniformity: (
                non_uniform_result: Some(4),
                require_uniform: None,
            ),
            may_kill: false,
            sampling_set: [],
            global_uses: [
                (
                    bits: 1,
                ),
                (
                    bits: 3,
                ),
            ],
            expressions: [
                (
                    uniformity: (
                        non_uniform_result: Some(1),
                        require_uniform: None,
                    ),
                    ref_count: 2,
                    assignable_global: Some(1),
                ),
                (
                    uniformity: (
                        non_uniform_result: Some(2),
                        require_uniform: None,
                    ),
                    ref_count: 2,
                    assignable_global: Some(2),
                ),
                (
                    uniformity: (
                        non_uniform_result: Some(2),
                        require_uniform: None,
                    ),
                    ref_count: 1,
                    assignable_global: Some(2),
                ),
                (
                    uniformity: (
                        non_uniform_result: Some(1),
                        require_uniform: None,
                    ),
                    ref_count: 1,
                    assignable_global: None,
                ),
                (
                    uniformity: (
                        non_uniform_result: Some(1),
                        require_uniform: None,
                    ),
                    ref_count: 1,
                    assignable_global: None,
                ),
                (
                    uniformity: (
                        non_uniform_result: Some(2),
                        require_uniform: None,
                    ),
                    ref_count: 1,
                    assignable_global: Some(2),
                ),
                (
                    uniformity: (
                        non_uniform_result: Some(2),
                        require_uniform: None,
                    ),
                    ref_count: 1,
                    assignable_global: Some(2),
                ),
                (
                    uniformity: (
                        non_uniform_result: Some(1),
                        require_uniform: None,
                    ),
                    ref_count: 1,
                    assignable_global: None,
                ),
                (
                    uniformity: (
                        non_uniform_result: Some(1),
                        require_uniform: None,
                    ),
                    ref_count: 1,
                    assignable_global: None,
                ),
                (
                    uniformity: (
                        non_uniform_result: Some(2),
                        require_uniform: None,
                    ),
                    ref_count: 1,
                    assignable_global: Some(2),
                ),
                (
                    uniformity: (
                        non_uniform_result: Some(2),
                        require_uniform: None,
                    ),
                    ref_count: 1,
                    assignable_global: None,
                ),
                (
                    uniformity: (
                        non_uniform_result: Some(4),
                        require_uniform: None,
                    ),
                    ref_count: 2,
                    assignable_global: None,
                ),
            ],
        ),
    ],
)
